---
source: crates/smart-routing/tests/snapshot_tests.rs
assertion_line: 909
expression: outcome
---
route_id: route-fallback
success: false
latency_ms: 300
prompt_tokens: 0
completion_tokens: 0
total_tokens: 0
error_class: ServerError
status_code: 500
timestamp: "[timestamp]"
used_fallback: true
original_route_id: route-original
